2023-10-27 09:00:00 INFO System initialization started
2023-10-27 09:00:01 INFO Loading configuration from /etc/config/app.conf
2023-10-27 09:00:05 INFO Connected to PostgreSQL database successfully
2023-10-27 09:01:00 INFO Checking service dependencies...
2023-10-27 09:01:15 INFO Starting API Gateway on port 8000
2023-10-27 09:01:20 ERROR Failed to bind to address 0.0.0.0:8000 (Address already in use)
2023-10-27 09:02:00 INFO Retrying connection with database...
2023-10-27 09:02:01 INFO Database connection established
2023-10-27 09:03:00 INFO User authentication service started
2023-10-27 09:03:15 INFO Incoming connection from 192.168.1.5
2023-10-27 09:03:20 WARN Authentication attempt failed for user 'admin'
2023-10-27 09:04:00 INFO Worker threads initialized (4 workers)
2023-10-27 09:04:30 WARN High memory usage detected: 85% utilized
2023-10-27 09:05:00 INFO Processing batch job #1002
2023-10-27 09:05:10 ERROR Out of memory: Kill process 4215 (python)
2023-10-27 09:05:15 WARN Garbage collection forced
2023-10-27 09:06:00 INFO System recovering from OOM event
2023-10-27 09:07:00 INFO Checking disk space for backup...
2023-10-27 09:07:10 WARN Disk space running low: 95% full on /dev/sda1
2023-10-27 09:08:00 INFO Initiating backup procedure
2023-10-27 09:08:15 ERROR No space left on device while writing backup.tar.gz
2023-10-27 09:09:00 INFO Cleaning up temporary files...
2023-10-27 09:09:30 INFO Trying to connect to external payment gateway
2023-10-27 09:10:00 ERROR Connection refused: Unable to connect to api.payment-gateway.com:443
2023-10-27 09:10:10 INFO Retrying connection attempt 1/3...
2023-10-27 09:11:00 INFO Connection successful on retry
2023-10-27 09:12:00 INFO Parsing user uploaded file (upload_123.log)
2023-10-27 09:12:05 ERROR Permission denied: Cannot open file /root/secret.txt for reading
2023-10-27 09:12:10 INFO Falling back to default configuration
2023-10-27 09:13:00 INFO Network latency check to server A
2023-10-27 09:13:05 WARN Latency exceeds threshold: 250ms
2023-10-27 09:14:00 INFO Network latency check to server B
2023-10-27 09:15:00 ERROR Connection timed out: Failed to reach server B after 30s
2023-10-27 09:15:30 INFO Marking server B as unhealthy
2023-10-27 09:16:00 INFO Load balancer adjusting weights
2023-10-27 09:17:00 INFO Cron job started: 'daily_sync.sh'
2023-10-27 09:17:15 INFO Syncing files to S3 bucket
2023-10-27 09:18:00 INFO File 1/50 uploaded: data_2023.csv
2023-10-27 09:18:05 INFO File 2/50 uploaded: config.json
2023-10-27 09:19:00 ERROR Upload failed: Access Denied (AWS S3 Error 403)
2023-10-27 09:19:10 INFO Retrying with new credentials...
2023-10-27 09:20:00 INFO Upload successful
2023-10-27 09:21:00 INFO System health check passed
2023-10-27 09:22:00 INFO Log rotation started
2023-10-27 09:22:15 INFO Compressing old logs...
2023-10-27 09:23:00 INFO Archive created: logs_2023-10-26.tar.gz
2023-10-27 09:24:00 INFO Starting Nginx reverse proxy
2023-10-27 09:24:05 INFO Nginx configuration loaded
2023-10-27 09:25:00 ERROR Cannot start Nginx: Port 80 already in use
2023-10-27 09:25:15 INFO Checking for process using port 80...
2023-10-27 09:26:00 WARN Process 'old_web_server' found on port 80
2023-10-27 09:26:10 INFO Killing process 9999
2023-10-27 09:26:11 INFO Nginx started successfully
2023-10-27 09:27:00 INFO Web server ready for requests
2023-10-27 09:28:00 INFO Incoming request GET /api/status
2023-10-27 09:28:05 INFO Response 200 OK
2023-10-27 09:29:00 INFO Incoming request POST /api/logs
2023-10-27 09:29:05 INFO Response 201 Created
2023-10-27 09:30:00 INFO Scheduled maintenance in 1 hour
Jun 15 02:04:59 combo sshd(pam_unix)[20882]: authentication failure; logname= uid=0 euid=0 tty=NODEVssh ruser=220-135-151-1.hinet-ip.hinet.net  user=root
Jun 15 02:04:59 combo sshd(pam_unix)[20884]: authentication failure; logname= uid=0 euid=0 tty=NODEVssh ruser=220-135-151-1.hinet-ip.hinet.net  user=root